\BOOKMARK [0][-]{chapter.1}{\376\377\000P\000r\000\351\000s\000e\000n\000t\000a\000t\000i\000o\000n}{}% 1
\BOOKMARK [1][-]{section.1.1}{\376\377\000\300\000\040\000q\000u\000o\000i\000\040\000s\000e\000r\000t\000\040\000W\000A\000C}{chapter.1}% 2
\BOOKMARK [1][-]{section.1.2}{\376\377\000L\000e\000\040\000p\000r\000i\000n\000c\000i\000p\000e\000\040\000d\000i\000r\000e\000c\000t\000e\000u\000r\000\040\000:\000\040\000u\000n\000e\000\040\000e\000m\000p\000r\000e\000i\000n\000t\000e\000\040\000m\000i\000n\000i\000m\000a\000l\000e}{chapter.1}% 3
\BOOKMARK [1][-]{section.1.3}{\376\377\000C\000e\000\040\000q\000u\000e\000\040\000W\000A\000C\000\040\000n\000e\000\040\000f\000a\000i\000t\000\040\000p\000a\000s}{chapter.1}% 4
\BOOKMARK [0][-]{chapter.2}{\376\377\000P\000r\000i\000n\000c\000i\000p\000e\000s\000\040\000d\000e\000\040\000f\000o\000n\000c\000t\000i\000o\000n\000n\000e\000m\000e\000n\000t}{}% 5
\BOOKMARK [1][-]{section.2.1}{\376\377\000L\000e\000c\000t\000u\000r\000e\000\040\000d\000i\000r\000e\000c\000t\000e\000\040\000d\000u\000\040\000d\000i\000s\000q\000u\000e}{chapter.2}% 6
\BOOKMARK [1][-]{section.2.2}{\376\377\000C\000o\000n\000s\000i\000g\000n\000e\000\040\000e\000t\000\040\000t\000r\000a\000v\000a\000i\000l}{chapter.2}% 7
\BOOKMARK [1][-]{section.2.3}{\376\377\000R\000u\000c\000h\000e\000s\000\040\000d\000u\000\040\000r\000e\000g\000i\000s\000t\000r\000e\000\040\000e\000t\000\040\000j\000o\000u\000r\000n\000a\000u\000x\000\040\000d\000e\000\040\000t\000r\000a\000n\000s\000a\000c\000t\000i\000o\000n}{chapter.2}% 8
\BOOKMARK [1][-]{section.2.4}{\376\377\000L\000'\000e\000x\000t\000r\000a\000c\000t\000i\000o\000n\000\040\000e\000n\000\040\000d\000e\000u\000x\000\040\000t\000e\000m\000p\000s}{chapter.2}% 9
\BOOKMARK [1][-]{section.2.5}{\376\377\000C\000e\000\040\000q\000u\000i\000\040\000r\000e\000s\000t\000e\000\040\000l\000u\000\040\000\253\000\040\000\340\000\040\000c\000h\000a\000u\000d\000\040\000\273}{chapter.2}% 10
\BOOKMARK [0][-]{chapter.3}{\376\377\000P\000r\000\351\000p\000a\000r\000e\000r\000\040\000u\000n\000e\000\040\000c\000o\000l\000l\000e\000c\000t\000e}{}% 11
\BOOKMARK [1][-]{section.3.1}{\376\377\000P\000r\000\351\000r\000e\000q\000u\000i\000s}{chapter.3}% 12
\BOOKMARK [1][-]{section.3.2}{\376\377\000L\000e\000\040\000s\000u\000p\000p\000o\000r\000t\000\040\000d\000e\000\040\000c\000o\000l\000l\000e\000c\000t\000e}{chapter.3}% 13
\BOOKMARK [1][-]{section.3.3}{\376\377\000A\000v\000a\000n\000t\000\040\000d\000'\000i\000n\000t\000e\000r\000v\000e\000n\000i\000r}{chapter.3}% 14
\BOOKMARK [0][-]{chapter.4}{\376\377\000L\000a\000n\000c\000e\000r\000\040\000u\000n\000e\000\040\000c\000o\000l\000l\000e\000c\000t\000e}{}% 15
\BOOKMARK [1][-]{section.4.1}{\376\377\000L\000i\000g\000n\000e\000\040\000d\000e\000\040\000c\000o\000m\000m\000a\000n\000d\000e}{chapter.4}% 16
\BOOKMARK [1][-]{section.4.2}{\376\377\000O\000p\000t\000i\000o\000n\000s}{chapter.4}% 17
\BOOKMARK [1][-]{section.4.3}{\376\377\000E\000x\000e\000m\000p\000l\000e\000s}{chapter.4}% 18
\BOOKMARK [1][-]{section.4.4}{\376\377\000L\000'\000o\000p\000t\000i\000o\000n\000\040\000-\000-\000b\000i\000n\000a\000r\000y}{chapter.4}% 19
\BOOKMARK [1][-]{section.4.5}{\376\377\000D\000\351\000r\000o\000u\000l\000e\000m\000e\000n\000t\000\040\000\340\000\040\000l\000'\000\351\000c\000r\000a\000n}{chapter.4}% 20
\BOOKMARK [1][-]{section.4.6}{\376\377\000D\000u\000r\000\351\000e}{chapter.4}% 21
\BOOKMARK [0][-]{chapter.5}{\376\377\000L\000e\000s\000\040\000r\000\351\000s\000u\000l\000t\000a\000t\000s}{}% 22
\BOOKMARK [1][-]{section.5.1}{\376\377\000A\000r\000b\000o\000r\000e\000s\000c\000e\000n\000c\000e}{chapter.5}% 23
\BOOKMARK [1][-]{section.5.2}{\376\377\000L\000e\000\040\000m\000a\000n\000i\000f\000e\000s\000t\000e\000\040\000d\000e\000\040\000c\000o\000n\000s\000i\000g\000n\000e}{chapter.5}% 24
\BOOKMARK [2][-]{subsection.5.2.1}{\376\377\000E\000n\000-\000t\000\352\000t\000e}{section.5.2}% 25
\BOOKMARK [2][-]{subsection.5.2.2}{\376\377\000C\000h\000a\000q\000u\000e\000\040\000p\000i\000\350\000c\000e}{section.5.2}% 26
\BOOKMARK [1][-]{section.5.3}{\376\377\000V\000\351\000r\000i\000f\000i\000e\000r\000\040\000l\000'\000i\000n\000t\000\351\000g\000r\000i\000t\000\351\000\040\000d\000'\000u\000n\000e\000\040\000c\000o\000l\000l\000e\000c\000t\000e}{chapter.5}% 27
\BOOKMARK [2][-]{subsection.5.3.1}{\376\377\000L\000e\000\040\000s\000c\000e\000a\000u}{section.5.3}% 28
\BOOKMARK [2][-]{subsection.5.3.2}{\376\377\000C\000h\000a\000q\000u\000e\000\040\000p\000i\000\350\000c\000e}{section.5.3}% 29
\BOOKMARK [1][-]{section.5.4}{\376\377\000L\000e\000\040\000j\000o\000u\000r\000n\000a\000l\000\040\000d\000'\000i\000n\000v\000e\000s\000t\000i\000g\000a\000t\000i\000o\000n}{chapter.5}% 30
\BOOKMARK [1][-]{section.5.5}{\376\377\000L\000e\000s\000\040\000f\000i\000c\000h\000i\000e\000r\000s\000\040\000d\000'\000a\000r\000t\000e\000f\000a\000c\000t\000s}{chapter.5}% 31
\BOOKMARK [2][-]{subsection.5.5.1}{\376\377\000S\000y\000s\000t\000\350\000m\000e\000\040\000e\000t\000\040\000c\000o\000m\000p\000t\000e\000s}{section.5.5}% 32
\BOOKMARK [2][-]{subsection.5.5.2}{\376\377\000E\000x\000\351\000c\000u\000t\000i\000o\000n\000\040\000d\000e\000\040\000p\000r\000o\000g\000r\000a\000m\000m\000e\000s}{section.5.5}% 33
\BOOKMARK [2][-]{subsection.5.5.3}{\376\377\000F\000i\000c\000h\000i\000e\000r\000s\000\040\000e\000t\000\040\000n\000a\000v\000i\000g\000a\000t\000i\000o\000n}{section.5.5}% 34
\BOOKMARK [2][-]{subsection.5.5.4}{\376\377\000P\000\351\000r\000i\000p\000h\000\351\000r\000i\000q\000u\000e\000s}{section.5.5}% 35
\BOOKMARK [2][-]{subsection.5.5.5}{\376\377\000J\000o\000u\000r\000n\000a\000u\000x\000\040\000d\000'\000\351\000v\000\351\000n\000e\000m\000e\000n\000t\000s\000\040\000\050\000-\000-\000e\000v\000e\000n\000t\000s\000\051}{section.5.5}% 36
\BOOKMARK [0][-]{chapter.6}{\376\377\000L\000i\000r\000e\000\040\000l\000e\000s\000\040\000d\000o\000n\000n\000\351\000e\000s}{}% 37
\BOOKMARK [1][-]{section.6.1}{\376\377\000H\000o\000r\000o\000d\000a\000t\000a\000g\000e\000s}{chapter.6}% 38
\BOOKMARK [1][-]{section.6.2}{\376\377\000U\000n\000\040\000c\000h\000a\000m\000p\000\040\000a\000b\000s\000e\000n\000t\000\040\000n\000'\000e\000s\000t\000\040\000p\000a\000s\000\040\000u\000n\000\040\000c\000h\000a\000m\000p\000\040\000v\000i\000d\000e}{chapter.6}% 39
\BOOKMARK [1][-]{section.6.3}{\376\377\000A\000r\000t\000e\000f\000a\000c\000t\000\040\000n\000o\000n\000\040\000c\000o\000l\000l\000e\000c\000t\000\351}{chapter.6}% 40
\BOOKMARK [1][-]{section.6.4}{\376\377\000D\000o\000n\000n\000\351\000e\000s\000\040\000n\000o\000n\000\040\000d\000\351\000c\000o\000d\000\351\000e\000s}{chapter.6}% 41
\BOOKMARK [1][-]{section.6.5}{\376\377\000C\000h\000e\000m\000i\000n\000s}{chapter.6}% 42
\BOOKMARK [0][-]{chapter.7}{\376\377\000T\000r\000a\000c\000e\000s\000\040\000l\000a\000i\000s\000s\000\351\000e\000s\000\040\000s\000u\000r\000\040\000l\000a\000\040\000m\000a\000c\000h\000i\000n\000e\000\040\000e\000x\000a\000m\000i\000n\000\351\000e}{}% 43
\BOOKMARK [1][-]{section.7.1}{\376\377\000C\000e\000\040\000q\000u\000e\000\040\000W\000A\000C\000\040\000f\000a\000i\000t\000\040\000e\000n\000c\000o\000r\000e}{chapter.7}% 44
\BOOKMARK [1][-]{section.7.2}{\376\377\000C\000e\000\040\000q\000u\000e\000\040\000W\000A\000C\000\040\000n\000e\000\040\000f\000a\000i\000t\000\040\000p\000l\000u\000s}{chapter.7}% 45
\BOOKMARK [1][-]{section.7.3}{\376\377\000C\000e\000\040\000q\000u\000'\000a\000u\000c\000u\000n\000\040\000o\000u\000t\000i\000l\000\040\000n\000e\000\040\000p\000e\000u\000t\000\040\000\351\000v\000i\000t\000e\000r}{chapter.7}% 46
\BOOKMARK [0][-]{chapter.8}{\376\377\000L\000i\000m\000i\000t\000e\000s\000\040\000c\000o\000n\000n\000u\000e\000s}{}% 47
\BOOKMARK [0][-]{chapter.9}{\376\377\000D\000\351\000p\000a\000n\000n\000a\000g\000e}{}% 48
\BOOKMARK [0][-]{appendix.A}{\376\377\000G\000l\000o\000s\000s\000a\000i\000r\000e}{}% 49
